
========================================
[MATCHING BONUS / BINARY RUN]
TIME: 2026-09-25 11:49:48
MEMBERS EVALUATED: 0
========================================

========================================
[MATCHING BONUS / BINARY RUN]
TIME: 2026-09-25 14:57:46
MEMBERS EVALUATED: 0
========================================

========================================
[MATCHING BONUS / BINARY RUN]
TIME: 2026-09-25 14:59:57
MEMBERS EVALUATED: 1
========================================
========================================
[BINARY DEBUG]
TIME: 2026-09-25 14:59:57
USER ID: 1001
FUNCTION: process_binary
========================================

MEMBER INFORMATION:
Member ID: 1001
Member Name: Green Amrut Herbal Multitrade Private Limited
Status: Active
Rank: Member
Topup: 8900.00
Package: 1

TREE / PV INFORMATION:
Total Left PV: 3
Paid Left PV: 0
Available Left PV: 3

Total Right PV: 1
Paid Right PV: 0
Available Right PV: 1

Lifetime Paid Pairs: 0

DIRECT SPONSOR INFORMATION:
Direct Left: 1
Direct Right: 1
(Informational ONLY - Does not block 2:1 / 1:2 PV matching)

PAIR CALCULATION:
BINARY RATIO CHECK:
Left Available: 3
Right Available: 1
Lifetime Previous Pairs: 0

Checking 2:1:
Left >= 2? YES (Left = 3 >= 2)
Right >= 1? YES (Right = 1 >= 1)

Checking 1:2:
Left >= 1? YES (Left = 3 >= 1)
Right >= 2? NO (Right = 1 < 2)

Selected Ratio: 2:1
Pairs Calculated: 1
Left PV To Consume: 2
Right PV To Consume: 1
PAYOUT CALCULATION:
BINARY PAYOUT CALCULATION:
Package ID: 1
Matching Income Configuration: 
Payout Per Pair: 890
Daily Cap: 14240
Pairs Calculated: 1
Pairs Allowed By Cap: 16
Payable Pairs: 1
Total Payout: 890

DATABASE TRANSACTION:
[BINARY TRANSACTION]
BEGIN

1. EARNING INSERT
BINARY EARNING INSERT:
SUCCESS
Insert ID: 
User ID: 1001
Amount: 890
Type: Matching Income
Pair Count: 1
Transaction Reference: BIN-1001-20260925145957-9259

2. WALLET CREDIT
WALLET CREDIT:
SUCCESS
User ID: 1001
Previous Balance: 0
Credit Amount: 890
New Balance: 0

3. PV CONSUMPTION
PV UPDATE:
Before Paid Left: 0
Before Paid Right: 0
Left PV Consumed: 2
Right PV Consumed: 1
After Paid Left: 2
After Paid Right: 1

4. LIFETIME PAIR UPDATE
LIFETIME PAIR UPDATE:
Before: 0
Added: 1
After: 1

5. TRANSACTION
BINARY TRANSACTION:
COMMITTED

FINAL RESULT = PAYOUT GENERATED
Pairs Generated = 1
Payout Generated = 890
Left PV Remaining = 1
Right PV Remaining = 0
========================================



========================================
[MATCHING BONUS / BINARY RUN]
TIME: 2026-09-25 15:04:49
MEMBERS EVALUATED: 2
========================================
========================================
[BINARY DEBUG]
TIME: 2026-09-25 15:04:49
USER ID: 1001
FUNCTION: process_binary
========================================

MEMBER INFORMATION:
Member ID: 1001
Member Name: Green Amrut Herbal Multitrade Private Limited
Status: Active
Rank: Member
Topup: 8900.00
Package: 1

TREE / PV INFORMATION:
Total Left PV: 4
Paid Left PV: 2
Available Left PV: 2

Total Right PV: 1
Paid Right PV: 1
Available Right PV: 0

Lifetime Paid Pairs: 1

DIRECT SPONSOR INFORMATION:
Direct Left: 1
Direct Right: 1
(Informational ONLY - Does not block 2:1 / 1:2 PV matching)

PAIR CALCULATION:
BINARY RATIO CHECK:
Left Available: 2
Right Available: 0
Lifetime Previous Pairs: 1

Checking 2:1:
Left >= 2? YES (Left = 2 >= 2)
Right >= 1? NO (Right = 0 < 1)

Checking 1:2:
Left >= 1? YES (Left = 2 >= 1)
Right >= 2? NO (Right = 0 < 2)

Selected Ratio: NONE
Pairs Calculated: 0
Left PV To Consume: 0
Right PV To Consume: 0
FINAL RESULT = NO PAIR FORMED
Pairs Generated = 0
Payout Generated = 0
Left PV Remaining = 2
Right PV Remaining = 0
========================================


========================================
[BINARY DEBUG]
TIME: 2026-09-25 15:04:49
USER ID: 424402
FUNCTION: process_binary
========================================

MEMBER INFORMATION:
Member ID: 424402
Member Name: Kirk Donaldson
Status: Active
Rank: Member
Topup: 8900.00
Package: 1

TREE / PV INFORMATION:
Total Left PV: 2
Paid Left PV: 0
Available Left PV: 2

Total Right PV: 1
Paid Right PV: 0
Available Right PV: 1

Lifetime Paid Pairs: 0

DIRECT SPONSOR INFORMATION:
Direct Left: 1
Direct Right: 1
(Informational ONLY - Does not block 2:1 / 1:2 PV matching)

PAIR CALCULATION:
BINARY RATIO CHECK:
Left Available: 2
Right Available: 1
Lifetime Previous Pairs: 0

Checking 2:1:
Left >= 2? YES (Left = 2 >= 2)
Right >= 1? YES (Right = 1 >= 1)

Checking 1:2:
Left >= 1? YES (Left = 2 >= 1)
Right >= 2? NO (Right = 1 < 2)

Selected Ratio: 2:1
Pairs Calculated: 1
Left PV To Consume: 2
Right PV To Consume: 1
PAYOUT CALCULATION:
BINARY PAYOUT CALCULATION:
Package ID: 1
Matching Income Configuration: 
Payout Per Pair: 890
Daily Cap: 14240
Pairs Calculated: 1
Pairs Allowed By Cap: 16
Payable Pairs: 1
Total Payout: 890

DATABASE TRANSACTION:
[BINARY TRANSACTION]
BEGIN

1. EARNING INSERT
BINARY EARNING INSERT:
SUCCESS
Insert ID: 
User ID: 424402
Amount: 890
Type: Matching Income
Pair Count: 1
Transaction Reference: BIN-424402-20260925150449-5414

2. WALLET CREDIT
WALLET CREDIT:
SUCCESS
User ID: 424402
Previous Balance: 0
Credit Amount: 890
New Balance: 0

3. PV CONSUMPTION
PV UPDATE:
Before Paid Left: 0
Before Paid Right: 0
Left PV Consumed: 2
Right PV Consumed: 1
After Paid Left: 2
After Paid Right: 1

4. LIFETIME PAIR UPDATE
LIFETIME PAIR UPDATE:
Before: 0
Added: 1
After: 1

5. TRANSACTION
BINARY TRANSACTION:
COMMITTED

FINAL RESULT = PAYOUT GENERATED
Pairs Generated = 1
Payout Generated = 890
Left PV Remaining = 0
Right PV Remaining = 0
========================================



========================================
[MATCHING BONUS / BINARY RUN]
TIME: 2026-09-25 15:13:55
MEMBERS EVALUATED: 3
========================================
========================================
[BINARY DEBUG]
TIME: 2026-09-25 15:13:55
USER ID: 1001
FUNCTION: process_binary
========================================

MEMBER INFORMATION:
Member ID: 1001
Member Name: Green Amrut Herbal Multitrade Private Limited
Status: Active
Rank: Member
Topup: 8900.00
Package: 1

TREE / PV INFORMATION:
Total Left PV: 6
Paid Left PV: 2
Available Left PV: 4

Total Right PV: 1
Paid Right PV: 1
Available Right PV: 0

Lifetime Paid Pairs: 1

DIRECT SPONSOR INFORMATION:
Direct Left: 1
Direct Right: 1
(Informational ONLY - Does not block 2:1 / 1:2 PV matching)

PAIR CALCULATION:
BINARY RATIO CHECK:
Left Available: 4
Right Available: 0
Lifetime Previous Pairs: 1

Checking 2:1:
Left >= 2? YES (Left = 4 >= 2)
Right >= 1? NO (Right = 0 < 1)

Checking 1:2:
Left >= 1? YES (Left = 4 >= 1)
Right >= 2? NO (Right = 0 < 2)

Selected Ratio: NONE
Pairs Calculated: 0
Left PV To Consume: 0
Right PV To Consume: 0
FINAL RESULT = NO PAIR FORMED
Pairs Generated = 0
Payout Generated = 0
Left PV Remaining = 4
Right PV Remaining = 0
========================================


========================================
[BINARY DEBUG]
TIME: 2026-09-25 15:13:55
USER ID: 424402
FUNCTION: process_binary
========================================

MEMBER INFORMATION:
Member ID: 424402
Member Name: Kirk Donaldson
Status: Active
Rank: Member
Topup: 8900.00
Package: 1

TREE / PV INFORMATION:
Total Left PV: 4
Paid Left PV: 2
Available Left PV: 2

Total Right PV: 1
Paid Right PV: 1
Available Right PV: 0

Lifetime Paid Pairs: 1

DIRECT SPONSOR INFORMATION:
Direct Left: 1
Direct Right: 1
(Informational ONLY - Does not block 2:1 / 1:2 PV matching)

PAIR CALCULATION:
BINARY RATIO CHECK:
Left Available: 2
Right Available: 0
Lifetime Previous Pairs: 1

Checking 2:1:
Left >= 2? YES (Left = 2 >= 2)
Right >= 1? NO (Right = 0 < 1)

Checking 1:2:
Left >= 1? YES (Left = 2 >= 1)
Right >= 2? NO (Right = 0 < 2)

Selected Ratio: NONE
Pairs Calculated: 0
Left PV To Consume: 0
Right PV To Consume: 0
FINAL RESULT = NO PAIR FORMED
Pairs Generated = 0
Payout Generated = 0
Left PV Remaining = 2
Right PV Remaining = 0
========================================


========================================
[BINARY DEBUG]
TIME: 2026-09-25 15:13:55
USER ID: 809527
FUNCTION: process_binary
========================================

MEMBER INFORMATION:
Member ID: 809527
Member Name: Kirk Donaldson
Status: Active
Rank: Member
Topup: 8900.00
Package: 1

TREE / PV INFORMATION:
Total Left PV: 1
Paid Left PV: 0
Available Left PV: 1

Total Right PV: 2
Paid Right PV: 0
Available Right PV: 2

Lifetime Paid Pairs: 0

DIRECT SPONSOR INFORMATION:
Direct Left: 1
Direct Right: 1
(Informational ONLY - Does not block 2:1 / 1:2 PV matching)

PAIR CALCULATION:
BINARY RATIO CHECK:
Left Available: 1
Right Available: 2
Lifetime Previous Pairs: 0

Checking 2:1:
Left >= 2? NO (Left = 1 < 2)
Right >= 1? YES (Right = 2 >= 1)

Checking 1:2:
Left >= 1? YES (Left = 1 >= 1)
Right >= 2? YES (Right = 2 >= 2)

Selected Ratio: 1:2
Pairs Calculated: 1
Left PV To Consume: 1
Right PV To Consume: 2
PAYOUT CALCULATION:
BINARY PAYOUT CALCULATION:
Package ID: 1
Matching Income Configuration: 
Payout Per Pair: 890
Daily Cap: 14240
Pairs Calculated: 1
Pairs Allowed By Cap: 16
Payable Pairs: 1
Total Payout: 890

DATABASE TRANSACTION:
[BINARY TRANSACTION]
BEGIN

1. EARNING INSERT
BINARY EARNING INSERT:
SUCCESS
Insert ID: 
User ID: 809527
Amount: 890
Type: Matching Income
Pair Count: 1
Transaction Reference: BIN-809527-20260925151355-3380

2. WALLET CREDIT
WALLET CREDIT:
SUCCESS
User ID: 809527
Previous Balance: 0
Credit Amount: 890
New Balance: 0

3. PV CONSUMPTION
PV UPDATE:
Before Paid Left: 0
Before Paid Right: 0
Left PV Consumed: 1
Right PV Consumed: 2
After Paid Left: 1
After Paid Right: 2

4. LIFETIME PAIR UPDATE
LIFETIME PAIR UPDATE:
Before: 0
Added: 1
After: 1

5. TRANSACTION
BINARY TRANSACTION:
COMMITTED

FINAL RESULT = PAYOUT GENERATED
Pairs Generated = 1
Payout Generated = 890
Left PV Remaining = 0
Right PV Remaining = 0
========================================



========================================
[MATCHING BONUS / BINARY RUN]
TIME: 2026-09-25 15:23:06
MEMBERS EVALUATED: 4
========================================
========================================
[BINARY DEBUG]
TIME: 2026-09-25 15:23:06
USER ID: 1001
FUNCTION: process_binary
========================================

MEMBER INFORMATION:
Member ID: 1001
Member Name: Green Amrut Herbal Multitrade Private Limited
Status: Active
Rank: Member
Topup: 8900.00
Package: 1

TREE / PV INFORMATION:
Total Left PV: 8
Paid Left PV: 2
Available Left PV: 6

Total Right PV: 1
Paid Right PV: 1
Available Right PV: 0

Lifetime Paid Pairs: 1

DIRECT SPONSOR INFORMATION:
Direct Left: 1
Direct Right: 1
(Informational ONLY - Does not block 2:1 / 1:2 PV matching)

PAIR CALCULATION:
BINARY RATIO CHECK:
Left Available: 6
Right Available: 0
Lifetime Previous Pairs: 1

Checking 2:1:
Left >= 2? YES (Left = 6 >= 2)
Right >= 1? NO (Right = 0 < 1)

Checking 1:2:
Left >= 1? YES (Left = 6 >= 1)
Right >= 2? NO (Right = 0 < 2)

Selected Ratio: NONE
Pairs Calculated: 0
Left PV To Consume: 0
Right PV To Consume: 0
FINAL RESULT = NO PAIR FORMED
Pairs Generated = 0
Payout Generated = 0
Left PV Remaining = 6
Right PV Remaining = 0
========================================


========================================
[BINARY DEBUG]
TIME: 2026-09-25 15:23:06
USER ID: 424402
FUNCTION: process_binary
========================================

MEMBER INFORMATION:
Member ID: 424402
Member Name: Kirk Donaldson
Status: Active
Rank: Member
Topup: 8900.00
Package: 1

TREE / PV INFORMATION:
Total Left PV: 6
Paid Left PV: 2
Available Left PV: 4

Total Right PV: 1
Paid Right PV: 1
Available Right PV: 0

Lifetime Paid Pairs: 1

DIRECT SPONSOR INFORMATION:
Direct Left: 1
Direct Right: 1
(Informational ONLY - Does not block 2:1 / 1:2 PV matching)

PAIR CALCULATION:
BINARY RATIO CHECK:
Left Available: 4
Right Available: 0
Lifetime Previous Pairs: 1

Checking 2:1:
Left >= 2? YES (Left = 4 >= 2)
Right >= 1? NO (Right = 0 < 1)

Checking 1:2:
Left >= 1? YES (Left = 4 >= 1)
Right >= 2? NO (Right = 0 < 2)

Selected Ratio: NONE
Pairs Calculated: 0
Left PV To Consume: 0
Right PV To Consume: 0
FINAL RESULT = NO PAIR FORMED
Pairs Generated = 0
Payout Generated = 0
Left PV Remaining = 4
Right PV Remaining = 0
========================================


========================================
[BINARY DEBUG]
TIME: 2026-09-25 15:23:06
USER ID: 809527
FUNCTION: process_binary
========================================

MEMBER INFORMATION:
Member ID: 809527
Member Name: Kirk Donaldson
Status: Active
Rank: Member
Topup: 8900.00
Package: 1

TREE / PV INFORMATION:
Total Left PV: 1
Paid Left PV: 1
Available Left PV: 0

Total Right PV: 4
Paid Right PV: 2
Available Right PV: 2

Lifetime Paid Pairs: 1

DIRECT SPONSOR INFORMATION:
Direct Left: 1
Direct Right: 1
(Informational ONLY - Does not block 2:1 / 1:2 PV matching)

PAIR CALCULATION:
BINARY RATIO CHECK:
Left Available: 0
Right Available: 2
Lifetime Previous Pairs: 1

Checking 2:1:
Left >= 2? NO (Left = 0 < 2)
Right >= 1? YES (Right = 2 >= 1)

Checking 1:2:
Left >= 1? NO (Left = 0 < 1)
Right >= 2? YES (Right = 2 >= 2)

Selected Ratio: NONE
Pairs Calculated: 0
Left PV To Consume: 0
Right PV To Consume: 0
FINAL RESULT = NO PAIR FORMED
Pairs Generated = 0
Payout Generated = 0
Left PV Remaining = 0
Right PV Remaining = 2
========================================


========================================
[BINARY DEBUG]
TIME: 2026-09-25 15:23:06
USER ID: 826773
FUNCTION: process_binary
========================================

MEMBER INFORMATION:
Member ID: 826773
Member Name: Dillon Arnold
Status: Active
Rank: Member
Topup: 8900.00
Package: 1

TREE / PV INFORMATION:
Total Left PV: 1
Paid Left PV: 0
Available Left PV: 1

Total Right PV: 2
Paid Right PV: 0
Available Right PV: 2

Lifetime Paid Pairs: 0

DIRECT SPONSOR INFORMATION:
Direct Left: 1
Direct Right: 1
(Informational ONLY - Does not block 2:1 / 1:2 PV matching)

PAIR CALCULATION:
BINARY RATIO CHECK:
Left Available: 1
Right Available: 2
Lifetime Previous Pairs: 0

Checking 2:1:
Left >= 2? NO (Left = 1 < 2)
Right >= 1? YES (Right = 2 >= 1)

Checking 1:2:
Left >= 1? YES (Left = 1 >= 1)
Right >= 2? YES (Right = 2 >= 2)

Selected Ratio: 1:2
Pairs Calculated: 1
Left PV To Consume: 1
Right PV To Consume: 2
PAYOUT CALCULATION:
BINARY PAYOUT CALCULATION:
Package ID: 1
Matching Income Configuration: 
Payout Per Pair: 890
Daily Cap: 14240
Pairs Calculated: 1
Pairs Allowed By Cap: 16
Payable Pairs: 1
Total Payout: 890

DATABASE TRANSACTION:
[BINARY TRANSACTION]
BEGIN

1. EARNING INSERT
BINARY EARNING INSERT:
SUCCESS
Insert ID: 
User ID: 826773
Amount: 890
Type: Matching Income
Pair Count: 1
Transaction Reference: BIN-826773-20260925152306-3966

2. WALLET CREDIT
WALLET CREDIT:
SUCCESS
User ID: 826773
Previous Balance: 0
Credit Amount: 890
New Balance: 0

3. PV CONSUMPTION
PV UPDATE:
Before Paid Left: 0
Before Paid Right: 0
Left PV Consumed: 1
Right PV Consumed: 2
After Paid Left: 1
After Paid Right: 2

4. LIFETIME PAIR UPDATE
LIFETIME PAIR UPDATE:
Before: 0
Added: 1
After: 1

5. TRANSACTION
BINARY TRANSACTION:
COMMITTED

FINAL RESULT = PAYOUT GENERATED
Pairs Generated = 1
Payout Generated = 890
Left PV Remaining = 0
Right PV Remaining = 0
========================================



========================================
[MATCHING BONUS / BINARY RUN]
TIME: 2026-09-25 15:25:28
MEMBERS EVALUATED: 4
========================================
========================================
[BINARY DEBUG]
TIME: 2026-09-25 15:25:28
USER ID: 1001
FUNCTION: process_binary
========================================

MEMBER INFORMATION:
Member ID: 1001
Member Name: Green Amrut Herbal Multitrade Private Limited
Status: Active
Rank: Member
Topup: 8900.00
Package: 1

TREE / PV INFORMATION:
Total Left PV: 8
Paid Left PV: 0
Available Left PV: 8

Total Right PV: 1
Paid Right PV: 0
Available Right PV: 1

Lifetime Paid Pairs: 0

DIRECT SPONSOR INFORMATION:
Direct Left: 1
Direct Right: 1
(Informational ONLY - Does not block 2:1 / 1:2 PV matching)

PAIR CALCULATION:
BINARY RATIO CHECK:
Left Available: 8
Right Available: 1
Lifetime Previous Pairs: 0

Checking 2:1:
Left >= 2? YES (Left = 8 >= 2)
Right >= 1? YES (Right = 1 >= 1)

Checking 1:2:
Left >= 1? YES (Left = 8 >= 1)
Right >= 2? NO (Right = 1 < 2)

Selected Ratio: 2:1
Pairs Calculated: 1
Left PV To Consume: 2
Right PV To Consume: 1
PAYOUT CALCULATION:
BINARY PAYOUT CALCULATION:
Package ID: 1
Matching Income Configuration: 
Payout Per Pair: 890
Daily Cap: 14240
Pairs Calculated: 1
Pairs Allowed By Cap: 16
Payable Pairs: 1
Total Payout: 890

DATABASE TRANSACTION:
[BINARY TRANSACTION]
BEGIN

1. EARNING INSERT
BINARY EARNING INSERT:
SUCCESS
Insert ID: 
User ID: 1001
Amount: 890
Type: Matching Income
Pair Count: 1
Transaction Reference: BIN-1001-20260925152528-5309

2. WALLET CREDIT
WALLET CREDIT:
SUCCESS
User ID: 1001
Previous Balance: 0
Credit Amount: 890
New Balance: 0

3. PV CONSUMPTION
PV UPDATE:
Before Paid Left: 0
Before Paid Right: 0
Left PV Consumed: 2
Right PV Consumed: 1
After Paid Left: 2
After Paid Right: 1

4. LIFETIME PAIR UPDATE
LIFETIME PAIR UPDATE:
Before: 0
Added: 1
After: 1

5. TRANSACTION
BINARY TRANSACTION:
COMMITTED

FINAL RESULT = PAYOUT GENERATED
Pairs Generated = 1
Payout Generated = 890
Left PV Remaining = 6
Right PV Remaining = 0
========================================


========================================
[BINARY DEBUG]
TIME: 2026-09-25 15:25:28
USER ID: 424402
FUNCTION: process_binary
========================================

MEMBER INFORMATION:
Member ID: 424402
Member Name: Kirk Donaldson
Status: Active
Rank: Member
Topup: 8900.00
Package: 1

TREE / PV INFORMATION:
Total Left PV: 6
Paid Left PV: 0
Available Left PV: 6

Total Right PV: 1
Paid Right PV: 0
Available Right PV: 1

Lifetime Paid Pairs: 0

DIRECT SPONSOR INFORMATION:
Direct Left: 1
Direct Right: 1
(Informational ONLY - Does not block 2:1 / 1:2 PV matching)

PAIR CALCULATION:
BINARY RATIO CHECK:
Left Available: 6
Right Available: 1
Lifetime Previous Pairs: 0

Checking 2:1:
Left >= 2? YES (Left = 6 >= 2)
Right >= 1? YES (Right = 1 >= 1)

Checking 1:2:
Left >= 1? YES (Left = 6 >= 1)
Right >= 2? NO (Right = 1 < 2)

Selected Ratio: 2:1
Pairs Calculated: 1
Left PV To Consume: 2
Right PV To Consume: 1
PAYOUT CALCULATION:
BINARY PAYOUT CALCULATION:
Package ID: 1
Matching Income Configuration: 
Payout Per Pair: 890
Daily Cap: 14240
Pairs Calculated: 1
Pairs Allowed By Cap: 16
Payable Pairs: 1
Total Payout: 890

DATABASE TRANSACTION:
[BINARY TRANSACTION]
BEGIN

1. EARNING INSERT
BINARY EARNING INSERT:
SUCCESS
Insert ID: 
User ID: 424402
Amount: 890
Type: Matching Income
Pair Count: 1
Transaction Reference: BIN-424402-20260925152528-4003

2. WALLET CREDIT
WALLET CREDIT:
SUCCESS
User ID: 424402
Previous Balance: 0
Credit Amount: 890
New Balance: 0

3. PV CONSUMPTION
PV UPDATE:
Before Paid Left: 0
Before Paid Right: 0
Left PV Consumed: 2
Right PV Consumed: 1
After Paid Left: 2
After Paid Right: 1

4. LIFETIME PAIR UPDATE
LIFETIME PAIR UPDATE:
Before: 0
Added: 1
After: 1

5. TRANSACTION
BINARY TRANSACTION:
COMMITTED

FINAL RESULT = PAYOUT GENERATED
Pairs Generated = 1
Payout Generated = 890
Left PV Remaining = 4
Right PV Remaining = 0
========================================


========================================
[BINARY DEBUG]
TIME: 2026-09-25 15:25:28
USER ID: 809527
FUNCTION: process_binary
========================================

MEMBER INFORMATION:
Member ID: 809527
Member Name: Kirk Donaldson
Status: Active
Rank: Member
Topup: 8900.00
Package: 1

TREE / PV INFORMATION:
Total Left PV: 1
Paid Left PV: 0
Available Left PV: 1

Total Right PV: 4
Paid Right PV: 0
Available Right PV: 4

Lifetime Paid Pairs: 0

DIRECT SPONSOR INFORMATION:
Direct Left: 1
Direct Right: 1
(Informational ONLY - Does not block 2:1 / 1:2 PV matching)

PAIR CALCULATION:
BINARY RATIO CHECK:
Left Available: 1
Right Available: 4
Lifetime Previous Pairs: 0

Checking 2:1:
Left >= 2? NO (Left = 1 < 2)
Right >= 1? YES (Right = 4 >= 1)

Checking 1:2:
Left >= 1? YES (Left = 1 >= 1)
Right >= 2? YES (Right = 4 >= 2)

Selected Ratio: 1:2
Pairs Calculated: 1
Left PV To Consume: 1
Right PV To Consume: 2
PAYOUT CALCULATION:
BINARY PAYOUT CALCULATION:
Package ID: 1
Matching Income Configuration: 
Payout Per Pair: 890
Daily Cap: 14240
Pairs Calculated: 1
Pairs Allowed By Cap: 16
Payable Pairs: 1
Total Payout: 890

DATABASE TRANSACTION:
[BINARY TRANSACTION]
BEGIN

1. EARNING INSERT
BINARY EARNING INSERT:
SUCCESS
Insert ID: 
User ID: 809527
Amount: 890
Type: Matching Income
Pair Count: 1
Transaction Reference: BIN-809527-20260925152528-3578

2. WALLET CREDIT
WALLET CREDIT:
SUCCESS
User ID: 809527
Previous Balance: 0
Credit Amount: 890
New Balance: 0

3. PV CONSUMPTION
PV UPDATE:
Before Paid Left: 0
Before Paid Right: 0
Left PV Consumed: 1
Right PV Consumed: 2
After Paid Left: 1
After Paid Right: 2

4. LIFETIME PAIR UPDATE
LIFETIME PAIR UPDATE:
Before: 0
Added: 1
After: 1

5. TRANSACTION
BINARY TRANSACTION:
COMMITTED

FINAL RESULT = PAYOUT GENERATED
Pairs Generated = 1
Payout Generated = 890
Left PV Remaining = 0
Right PV Remaining = 2
========================================


========================================
[BINARY DEBUG]
TIME: 2026-09-25 15:25:28
USER ID: 826773
FUNCTION: process_binary
========================================

MEMBER INFORMATION:
Member ID: 826773
Member Name: Dillon Arnold
Status: Active
Rank: Member
Topup: 8900.00
Package: 1

TREE / PV INFORMATION:
Total Left PV: 1
Paid Left PV: 0
Available Left PV: 1

Total Right PV: 2
Paid Right PV: 0
Available Right PV: 2

Lifetime Paid Pairs: 0

DIRECT SPONSOR INFORMATION:
Direct Left: 1
Direct Right: 1
(Informational ONLY - Does not block 2:1 / 1:2 PV matching)

PAIR CALCULATION:
BINARY RATIO CHECK:
Left Available: 1
Right Available: 2
Lifetime Previous Pairs: 0

Checking 2:1:
Left >= 2? NO (Left = 1 < 2)
Right >= 1? YES (Right = 2 >= 1)

Checking 1:2:
Left >= 1? YES (Left = 1 >= 1)
Right >= 2? YES (Right = 2 >= 2)

Selected Ratio: 1:2
Pairs Calculated: 1
Left PV To Consume: 1
Right PV To Consume: 2
PAYOUT CALCULATION:
BINARY PAYOUT CALCULATION:
Package ID: 1
Matching Income Configuration: 
Payout Per Pair: 890
Daily Cap: 14240
Pairs Calculated: 1
Pairs Allowed By Cap: 16
Payable Pairs: 1
Total Payout: 890

DATABASE TRANSACTION:
[BINARY TRANSACTION]
BEGIN

1. EARNING INSERT
BINARY EARNING INSERT:
SUCCESS
Insert ID: 
User ID: 826773
Amount: 890
Type: Matching Income
Pair Count: 1
Transaction Reference: BIN-826773-20260925152528-2161

2. WALLET CREDIT
WALLET CREDIT:
SUCCESS
User ID: 826773
Previous Balance: 0
Credit Amount: 890
New Balance: 0

3. PV CONSUMPTION
PV UPDATE:
Before Paid Left: 0
Before Paid Right: 0
Left PV Consumed: 1
Right PV Consumed: 2
After Paid Left: 1
After Paid Right: 2

4. LIFETIME PAIR UPDATE
LIFETIME PAIR UPDATE:
Before: 0
Added: 1
After: 1

5. TRANSACTION
BINARY TRANSACTION:
COMMITTED

FINAL RESULT = PAYOUT GENERATED
Pairs Generated = 1
Payout Generated = 890
Left PV Remaining = 0
Right PV Remaining = 0
========================================



========================================
[MATCHING BONUS / BINARY RUN]
TIME: 2026-09-25 15:25:35
MEMBERS EVALUATED: 4
========================================
========================================
[BINARY DEBUG]
TIME: 2026-09-25 15:25:35
USER ID: 1001
FUNCTION: process_binary
========================================

MEMBER INFORMATION:
Member ID: 1001
Member Name: Green Amrut Herbal Multitrade Private Limited
Status: Active
Rank: Member
Topup: 8900.00
Package: 1

TREE / PV INFORMATION:
Total Left PV: 8
Paid Left PV: 2
Available Left PV: 6

Total Right PV: 1
Paid Right PV: 1
Available Right PV: 0

Lifetime Paid Pairs: 1

DIRECT SPONSOR INFORMATION:
Direct Left: 1
Direct Right: 1
(Informational ONLY - Does not block 2:1 / 1:2 PV matching)

PAIR CALCULATION:
BINARY RATIO CHECK:
Left Available: 6
Right Available: 0
Lifetime Previous Pairs: 1

Checking 2:1:
Left >= 2? YES (Left = 6 >= 2)
Right >= 1? NO (Right = 0 < 1)

Checking 1:2:
Left >= 1? YES (Left = 6 >= 1)
Right >= 2? NO (Right = 0 < 2)

Selected Ratio: NONE
Pairs Calculated: 0
Left PV To Consume: 0
Right PV To Consume: 0
FINAL RESULT = NO PAIR FORMED
Pairs Generated = 0
Payout Generated = 0
Left PV Remaining = 6
Right PV Remaining = 0
========================================


========================================
[BINARY DEBUG]
TIME: 2026-09-25 15:25:35
USER ID: 424402
FUNCTION: process_binary
========================================

MEMBER INFORMATION:
Member ID: 424402
Member Name: Kirk Donaldson
Status: Active
Rank: Member
Topup: 8900.00
Package: 1

TREE / PV INFORMATION:
Total Left PV: 6
Paid Left PV: 2
Available Left PV: 4

Total Right PV: 1
Paid Right PV: 1
Available Right PV: 0

Lifetime Paid Pairs: 1

DIRECT SPONSOR INFORMATION:
Direct Left: 1
Direct Right: 1
(Informational ONLY - Does not block 2:1 / 1:2 PV matching)

PAIR CALCULATION:
BINARY RATIO CHECK:
Left Available: 4
Right Available: 0
Lifetime Previous Pairs: 1

Checking 2:1:
Left >= 2? YES (Left = 4 >= 2)
Right >= 1? NO (Right = 0 < 1)

Checking 1:2:
Left >= 1? YES (Left = 4 >= 1)
Right >= 2? NO (Right = 0 < 2)

Selected Ratio: NONE
Pairs Calculated: 0
Left PV To Consume: 0
Right PV To Consume: 0
FINAL RESULT = NO PAIR FORMED
Pairs Generated = 0
Payout Generated = 0
Left PV Remaining = 4
Right PV Remaining = 0
========================================


========================================
[BINARY DEBUG]
TIME: 2026-09-25 15:25:35
USER ID: 809527
FUNCTION: process_binary
========================================

MEMBER INFORMATION:
Member ID: 809527
Member Name: Kirk Donaldson
Status: Active
Rank: Member
Topup: 8900.00
Package: 1

TREE / PV INFORMATION:
Total Left PV: 1
Paid Left PV: 1
Available Left PV: 0

Total Right PV: 4
Paid Right PV: 2
Available Right PV: 2

Lifetime Paid Pairs: 1

DIRECT SPONSOR INFORMATION:
Direct Left: 1
Direct Right: 1
(Informational ONLY - Does not block 2:1 / 1:2 PV matching)

PAIR CALCULATION:
BINARY RATIO CHECK:
Left Available: 0
Right Available: 2
Lifetime Previous Pairs: 1

Checking 2:1:
Left >= 2? NO (Left = 0 < 2)
Right >= 1? YES (Right = 2 >= 1)

Checking 1:2:
Left >= 1? NO (Left = 0 < 1)
Right >= 2? YES (Right = 2 >= 2)

Selected Ratio: NONE
Pairs Calculated: 0
Left PV To Consume: 0
Right PV To Consume: 0
FINAL RESULT = NO PAIR FORMED
Pairs Generated = 0
Payout Generated = 0
Left PV Remaining = 0
Right PV Remaining = 2
========================================


========================================
[BINARY DEBUG]
TIME: 2026-09-25 15:25:35
USER ID: 826773
FUNCTION: process_binary
========================================

MEMBER INFORMATION:
Member ID: 826773
Member Name: Dillon Arnold
Status: Active
Rank: Member
Topup: 8900.00
Package: 1

TREE / PV INFORMATION:
Total Left PV: 1
Paid Left PV: 1
Available Left PV: 0

Total Right PV: 2
Paid Right PV: 2
Available Right PV: 0

Lifetime Paid Pairs: 1

DIRECT SPONSOR INFORMATION:
Direct Left: 1
Direct Right: 1
(Informational ONLY - Does not block 2:1 / 1:2 PV matching)

PAIR CALCULATION:
BINARY RATIO CHECK:
Left Available: 0
Right Available: 0
Lifetime Previous Pairs: 1

Checking 2:1:
Left >= 2? NO (Left = 0 < 2)
Right >= 1? NO (Right = 0 < 1)

Checking 1:2:
Left >= 1? NO (Left = 0 < 1)
Right >= 2? NO (Right = 0 < 2)

Selected Ratio: NONE
Pairs Calculated: 0
Left PV To Consume: 0
Right PV To Consume: 0
FINAL RESULT = NO PAIR FORMED
Pairs Generated = 0
Payout Generated = 0
Left PV Remaining = 0
Right PV Remaining = 0
========================================


