
========================================
[MATCHING BONUS / BINARY RUN]
TIME: 2026-10-04 00:00:02
MEMBERS EVALUATED: 2
========================================
========================================
[BINARY DEBUG]
TIME: 2026-10-04 00:00:02
USER ID: 1001
FUNCTION: process_binary
========================================

MEMBER INFORMATION:
Member ID: 1001
Member Name: Green Amrut Herbal Multitrade Private Limited
Status: Active
Rank: Member
Topup: 8900.00
Package: 1

TREE / PV INFORMATION:
Total Left PV: 13
Paid Left PV: 0
Available Left PV: 13

Total Right PV: 1
Paid Right PV: 0
Available Right PV: 1

Lifetime Paid Pairs: 0

DIRECT SPONSOR INFORMATION:
Direct Left: 1
Direct Right: 1
(Informational ONLY - Does not block 2:1 / 1:2 PV matching)

PAIR CALCULATION:
BINARY RATIO CHECK:
Left Available: 13
Right Available: 1
Lifetime Previous Pairs: 0

Checking 2:1:
Left >= 2? YES (Left = 13 >= 2)
Right >= 1? YES (Right = 1 >= 1)

Checking 1:2:
Left >= 1? YES (Left = 13 >= 1)
Right >= 2? NO (Right = 1 < 2)

Selected Ratio: 2:1
Pairs Calculated: 1
Left PV To Consume: 2
Right PV To Consume: 1
PAYOUT CALCULATION:
BINARY PAYOUT CALCULATION:
Package ID: 1
Matching Income Configuration: 
Payout Per Pair: 890
Daily Cap: 14240
Pairs Calculated: 1
Pairs Allowed By Cap: 16
Payable Pairs: 1
Total Payout: 890

DATABASE TRANSACTION:
[BINARY TRANSACTION]
BEGIN

1. EARNING INSERT
BINARY EARNING INSERT:
SUCCESS
Insert ID: 
User ID: 1001
Amount: 890
Type: Matching Income
Pair Count: 1
Transaction Reference: BIN-1001-20261004000002-3077

2. WALLET CREDIT
WALLET CREDIT:
SUCCESS
User ID: 1001
Previous Balance: 0
Credit Amount: 890
New Balance: 0

3. PV CONSUMPTION
PV UPDATE:
Before Paid Left: 0
Before Paid Right: 0
Left PV Consumed: 2
Right PV Consumed: 1
After Paid Left: 2
After Paid Right: 1

4. LIFETIME PAIR UPDATE
LIFETIME PAIR UPDATE:
Before: 0
Added: 1
After: 1

5. TRANSACTION
BINARY TRANSACTION:
COMMITTED

FINAL RESULT = PAYOUT GENERATED
Pairs Generated = 1
Payout Generated = 890
Left PV Remaining = 11
Right PV Remaining = 0
========================================


========================================
[BINARY DEBUG]
TIME: 2026-10-04 00:00:03
USER ID: 930251
FUNCTION: process_binary
========================================

MEMBER INFORMATION:
Member ID: 930251
Member Name: Swati Jagtap
Status: Active
Rank: Member
Topup: 8900.00
Package: 1

TREE / PV INFORMATION:
Total Left PV: 1
Paid Left PV: 0
Available Left PV: 1

Total Right PV: 1
Paid Right PV: 0
Available Right PV: 1

Lifetime Paid Pairs: 0

DIRECT SPONSOR INFORMATION:
Direct Left: 1
Direct Right: 1
(Informational ONLY - Does not block 2:1 / 1:2 PV matching)

PAIR CALCULATION:
BINARY RATIO CHECK:
Left Available: 1
Right Available: 1
Lifetime Previous Pairs: 0

Checking 2:1:
Left >= 2? NO (Left = 1 < 2)
Right >= 1? YES (Right = 1 >= 1)

Checking 1:2:
Left >= 1? YES (Left = 1 >= 1)
Right >= 2? NO (Right = 1 < 2)

Selected Ratio: NONE
Pairs Calculated: 0
Left PV To Consume: 0
Right PV To Consume: 0
FINAL RESULT = NO PAIR FORMED
Pairs Generated = 0
Payout Generated = 0
Left PV Remaining = 1
Right PV Remaining = 1
========================================



========================================
[MATCHING BONUS / BINARY RUN]
TIME: 2026-10-04 08:15:59
MEMBERS EVALUATED: 2
========================================
========================================
[BINARY DEBUG]
TIME: 2026-10-04 08:15:59
USER ID: 1001
FUNCTION: process_binary
========================================

MEMBER INFORMATION:
Member ID: 1001
Member Name: Green Amrut Herbal Multitrade Private Limited
Status: Active
Rank: Member
Topup: 8900.00
Package: 1

TREE / PV INFORMATION:
Total Left PV: 13
Paid Left PV: 0
Available Left PV: 13

Total Right PV: 1
Paid Right PV: 0
Available Right PV: 1

Lifetime Paid Pairs: 0

DIRECT SPONSOR INFORMATION:
Direct Left: 1
Direct Right: 1
(Informational ONLY - Does not block 2:1 / 1:2 PV matching)

PAIR CALCULATION:
BINARY RATIO CHECK:
Left Available: 13
Right Available: 1
Lifetime Previous Pairs: 0

Checking 2:1:
Left >= 2? YES (Left = 13 >= 2)
Right >= 1? YES (Right = 1 >= 1)

Checking 1:2:
Left >= 1? YES (Left = 13 >= 1)
Right >= 2? NO (Right = 1 < 2)

Selected Ratio: 2:1
Pairs Calculated: 1
Left PV To Consume: 2
Right PV To Consume: 1
PAYOUT CALCULATION:
BINARY PAYOUT CALCULATION:
Package ID: 1
Matching Income Configuration: 
Payout Per Pair: 890
Daily Cap: 14240
Pairs Calculated: 1
Pairs Allowed By Cap: 16
Payable Pairs: 1
Total Payout: 890

DATABASE TRANSACTION:
[BINARY TRANSACTION]
BEGIN

1. EARNING INSERT
BINARY EARNING INSERT:
SUCCESS
Insert ID: 
User ID: 1001
Amount: 890
Type: Matching Income
Pair Count: 1
Transaction Reference: BIN-1001-20261004081559-6413

2. WALLET CREDIT
WALLET CREDIT:
SUCCESS
User ID: 1001
Previous Balance: 0
Credit Amount: 890
New Balance: 0

3. PV CONSUMPTION
PV UPDATE:
Before Paid Left: 0
Before Paid Right: 0
Left PV Consumed: 2
Right PV Consumed: 1
After Paid Left: 2
After Paid Right: 1

4. LIFETIME PAIR UPDATE
LIFETIME PAIR UPDATE:
Before: 0
Added: 1
After: 1

5. TRANSACTION
BINARY TRANSACTION:
COMMITTED

FINAL RESULT = PAYOUT GENERATED
Pairs Generated = 1
Payout Generated = 890
Left PV Remaining = 11
Right PV Remaining = 0
========================================


========================================
[BINARY DEBUG]
TIME: 2026-10-04 08:15:59
USER ID: 930251
FUNCTION: process_binary
========================================

MEMBER INFORMATION:
Member ID: 930251
Member Name: Swati Jagtap
Status: Active
Rank: Member
Topup: 8900.00
Package: 1

TREE / PV INFORMATION:
Total Left PV: 1
Paid Left PV: 0
Available Left PV: 1

Total Right PV: 1
Paid Right PV: 0
Available Right PV: 1

Lifetime Paid Pairs: 0

DIRECT SPONSOR INFORMATION:
Direct Left: 1
Direct Right: 1
(Informational ONLY - Does not block 2:1 / 1:2 PV matching)

PAIR CALCULATION:
BINARY RATIO CHECK:
Left Available: 1
Right Available: 1
Lifetime Previous Pairs: 0

Checking 2:1:
Left >= 2? NO (Left = 1 < 2)
Right >= 1? YES (Right = 1 >= 1)

Checking 1:2:
Left >= 1? YES (Left = 1 >= 1)
Right >= 2? NO (Right = 1 < 2)

Selected Ratio: NONE
Pairs Calculated: 0
Left PV To Consume: 0
Right PV To Consume: 0
FINAL RESULT = NO PAIR FORMED
Pairs Generated = 0
Payout Generated = 0
Left PV Remaining = 1
Right PV Remaining = 1
========================================



========================================
[MATCHING BONUS / BINARY RUN]
TIME: 2026-10-04 12:22:30
MEMBERS EVALUATED: 2
========================================
========================================
[BINARY DEBUG]
TIME: 2026-10-04 12:22:30
USER ID: 1001
FUNCTION: process_binary
========================================

MEMBER INFORMATION:
Member ID: 1001
Member Name: Green Amrut Herbal Multitrade Private Limited
Status: Active
Rank: Member
Topup: 8900.00
Package: 1

TREE / PV INFORMATION:
Total Left PV: 14
Paid Left PV: 2
Available Left PV: 12

Total Right PV: 1
Paid Right PV: 1
Available Right PV: 0

Lifetime Paid Pairs: 1

DIRECT SPONSOR INFORMATION:
Direct Left: 1
Direct Right: 1
(Informational ONLY - Does not block 2:1 / 1:2 PV matching)

PAIR CALCULATION:
BINARY RATIO CHECK:
Left Available: 12
Right Available: 0
Lifetime Previous Pairs: 1

Checking 2:1:
Left >= 2? YES (Left = 12 >= 2)
Right >= 1? NO (Right = 0 < 1)

Checking 1:2:
Left >= 1? YES (Left = 12 >= 1)
Right >= 2? NO (Right = 0 < 2)

Selected Ratio: NONE
Pairs Calculated: 0
Left PV To Consume: 0
Right PV To Consume: 0
FINAL RESULT = NO PAIR FORMED
Pairs Generated = 0
Payout Generated = 0
Left PV Remaining = 12
Right PV Remaining = 0
========================================


========================================
[BINARY DEBUG]
TIME: 2026-10-04 12:22:30
USER ID: 930251
FUNCTION: process_binary
========================================

MEMBER INFORMATION:
Member ID: 930251
Member Name: Swati Jagtap
Status: Active
Rank: Member
Topup: 8900.00
Package: 1

TREE / PV INFORMATION:
Total Left PV: 2
Paid Left PV: 0
Available Left PV: 2

Total Right PV: 1
Paid Right PV: 0
Available Right PV: 1

Lifetime Paid Pairs: 0

DIRECT SPONSOR INFORMATION:
Direct Left: 1
Direct Right: 1
(Informational ONLY - Does not block 2:1 / 1:2 PV matching)

PAIR CALCULATION:
BINARY RATIO CHECK:
Left Available: 2
Right Available: 1
Lifetime Previous Pairs: 0

Checking 2:1:
Left >= 2? YES (Left = 2 >= 2)
Right >= 1? YES (Right = 1 >= 1)

Checking 1:2:
Left >= 1? YES (Left = 2 >= 1)
Right >= 2? NO (Right = 1 < 2)

Selected Ratio: 2:1
Pairs Calculated: 1
Left PV To Consume: 2
Right PV To Consume: 1
PAYOUT CALCULATION:
BINARY PAYOUT CALCULATION:
Package ID: 1
Matching Income Configuration: 
Payout Per Pair: 890
Daily Cap: 14240
Pairs Calculated: 1
Pairs Allowed By Cap: 16
Payable Pairs: 1
Total Payout: 890

DATABASE TRANSACTION:
[BINARY TRANSACTION]
BEGIN

1. EARNING INSERT
BINARY EARNING INSERT:
SUCCESS
Insert ID: 
User ID: 930251
Amount: 890
Type: Matching Income
Pair Count: 1
Transaction Reference: BIN-930251-20261004122230-6548

2. WALLET CREDIT
WALLET CREDIT:
SUCCESS
User ID: 930251
Previous Balance: 0
Credit Amount: 890
New Balance: 0

3. PV CONSUMPTION
PV UPDATE:
Before Paid Left: 0
Before Paid Right: 0
Left PV Consumed: 2
Right PV Consumed: 1
After Paid Left: 2
After Paid Right: 1

4. LIFETIME PAIR UPDATE
LIFETIME PAIR UPDATE:
Before: 0
Added: 1
After: 1

5. TRANSACTION
BINARY TRANSACTION:
COMMITTED

FINAL RESULT = PAYOUT GENERATED
Pairs Generated = 1
Payout Generated = 890
Left PV Remaining = 0
Right PV Remaining = 0
========================================


