
========================================
[DAILY PAYOUT START]
TIME: 2026-09-11 00:00:03
MIN WITHDRAW: 500
DEDUCT %: 10% (Admin Charge: 7.5%, Payout Tax: 2.5%)
ELIGIBLE WALLET COUNT: 0
========================================

========================================
[DAILY PAYOUT START]
TIME: 2026-09-11 15:03:40
MIN WITHDRAW: 500
DEDUCT %: 10% (Admin Charge: 7.5%, Payout Tax: 2.5%)
ELIGIBLE WALLET COUNT: 1
========================================
USER ID: 1001 | WALLET BALANCE: 890 | GROSS: 890 | TAX: 89 | INSERT ID: 1 | WALLET UPDATE: SUCCESS (New Balance: 0) | TRANSACTION COMMITTED

========================================
[DAILY PAYOUT START]
TIME: 2026-09-11 15:15:45
MIN WITHDRAW: 500
DEDUCT %: 10% (Admin Charge: 7.5%, Payout Tax: 2.5%)
ELIGIBLE WALLET COUNT: 1
========================================
USER ID: 1001 | WALLET BALANCE: 890 | GROSS: 890 | TAX: 89 | INSERT ID: 2 | WALLET UPDATE: SUCCESS (New Balance: 0) | TRANSACTION COMMITTED

========================================
[DAILY PAYOUT START]
TIME: 2026-09-11 15:21:33
MIN WITHDRAW: 500
DEDUCT %: 10% (Admin Charge: 7.5%, Payout Tax: 2.5%)
ELIGIBLE WALLET COUNT: 1
========================================
USER ID: 141446 | WALLET BALANCE: 890 | GROSS: 890 | TAX: 89 | INSERT ID: 3 | WALLET UPDATE: SUCCESS (New Balance: 0) | TRANSACTION COMMITTED

========================================
[DAILY PAYOUT START]
TIME: 2026-09-11 15:25:12
MIN WITHDRAW: 500
DEDUCT %: 10% (Admin Charge: 7.5%, Payout Tax: 2.5%)
ELIGIBLE WALLET COUNT: 0
========================================

========================================
[DAILY PAYOUT START]
TIME: 2026-09-11 15:32:43
MIN WITHDRAW: 500
DEDUCT %: 10% (Admin Charge: 7.5%, Payout Tax: 2.5%)
ELIGIBLE WALLET COUNT: 1
========================================
USER ID: 141446 | WALLET BALANCE: 890 | GROSS: 890 | TAX: 89 | INSERT ID: 4 | WALLET UPDATE: SUCCESS (New Balance: 0) | TRANSACTION COMMITTED

========================================
[DAILY PAYOUT START]
TIME: 2026-09-11 15:40:22
MIN WITHDRAW: 500
DEDUCT %: 10% (Admin Charge: 7.5%, Payout Tax: 2.5%)
ELIGIBLE WALLET COUNT: 0
========================================

========================================
[DAILY PAYOUT START]
TIME: 2026-09-11 15:43:04
MIN WITHDRAW: 500
DEDUCT %: 10% (Admin Charge: 7.5%, Payout Tax: 2.5%)
ELIGIBLE WALLET COUNT: 2
========================================
USER ID: 1001 | WALLET BALANCE: 890 | GROSS: 890 | TAX: 89 | INSERT ID: 5 | WALLET UPDATE: SUCCESS (New Balance: 0) | TRANSACTION COMMITTED
USER ID: 917481 | WALLET BALANCE: 890 | GROSS: 890 | TAX: 89 | INSERT ID: 6 | WALLET UPDATE: SUCCESS (New Balance: 0) | TRANSACTION COMMITTED

========================================
[DAILY PAYOUT START]
TIME: 2026-09-11 16:29:02
MIN WITHDRAW: 500
DEDUCT %: 10% (Admin Charge: 7.5%, Payout Tax: 2.5%)
ELIGIBLE WALLET COUNT: 1
========================================
USER ID: 1001 | WALLET BALANCE: 6230 | GROSS: 6230 | TAX: 623 | INSERT ID: 1 | WALLET UPDATE: SUCCESS (New Balance: 0) | TRANSACTION COMMITTED

========================================
[DAILY PAYOUT START]
TIME: 2026-09-11 16:29:42
MIN WITHDRAW: 500
DEDUCT %: 10% (Admin Charge: 7.5%, Payout Tax: 2.5%)
ELIGIBLE WALLET COUNT: 0
========================================

========================================
[DAILY PAYOUT START]
TIME: 2026-09-11 16:31:40
MIN WITHDRAW: 500
DEDUCT %: 10% (Admin Charge: 7.5%, Payout Tax: 2.5%)
ELIGIBLE WALLET COUNT: 0
========================================

========================================
[DAILY PAYOUT START]
TIME: 2026-09-11 16:31:45
MIN WITHDRAW: 500
DEDUCT %: 10% (Admin Charge: 7.5%, Payout Tax: 2.5%)
ELIGIBLE WALLET COUNT: 0
========================================

========================================
[DAILY PAYOUT START]
TIME: 2026-09-11 16:32:00
MIN WITHDRAW: 500
DEDUCT %: 10% (Admin Charge: 7.5%, Payout Tax: 2.5%)
ELIGIBLE WALLET COUNT: 0
========================================

========================================
[DAILY PAYOUT START]
TIME: 2026-09-11 16:32:05
MIN WITHDRAW: 500
DEDUCT %: 10% (Admin Charge: 7.5%, Payout Tax: 2.5%)
ELIGIBLE WALLET COUNT: 0
========================================

========================================
[DAILY PAYOUT START]
TIME: 2026-09-11 16:32:54
MIN WITHDRAW: 500
DEDUCT %: 10% (Admin Charge: 7.5%, Payout Tax: 2.5%)
ELIGIBLE WALLET COUNT: 0
========================================

========================================
[DAILY PAYOUT START]
TIME: 2026-09-11 16:33:08
MIN WITHDRAW: 500
DEDUCT %: 10% (Admin Charge: 7.5%, Payout Tax: 2.5%)
ELIGIBLE WALLET COUNT: 0
========================================
